// Jest Snapshot v1, https://goo.gl/fbAQLP

exports[`should render Details 1`] = `
Object {
  "asFragment": [Function],
  "baseElement": <body>
    <div>
      <div
        class="details-card"
        data-testid="Details-test"
      >
        <div
          class="hero-section"
        >
          <img
            alt="coin-icon"
            class="coin-img"
          />
        </div>
        <h2
          class="details-head"
        >
          COIN DETAILS
        </h2>
        <ul
          class="details-list"
        >
          <li
            class="list-items"
          >
            <span>
              Name:
            </span>
            <span
              class="list-items-child"
            >
              <span />
              <i
                class="arrow-img fa-solid fa-arrow-right"
              />
            </span>
          </li>
          <li
            class="list-items"
          >
            <span>
              Rank:
            </span>
            <span
              class="list-items-child"
            >
              <span />
              <i
                class="arrow-img fa-solid fa-arrow-right"
              />
            </span>
          </li>
          <li
            class="list-items"
          >
            <span>
              Price Change(1h):
            </span>
            <span
              class="list-items-child"
            >
              <span
                class="positive-text"
              />
              <i
                class="arrow-img fa-solid fa-arrow-right"
              />
            </span>
          </li>
          <li
            class="list-items"
          >
            <span>
              Price Change(1d):
            </span>
            <span
              class="list-items-child"
            >
              <span
                class="positive-text"
              />
              <i
                class="arrow-img fa-solid fa-arrow-right"
              />
            </span>
          </li>
          <li
            class="list-items"
          >
            <span>
              Price Change(1w):
            </span>
            <span
              class="list-items-child"
            >
              <span
                class="positive-text"
              />
              <i
                class="arrow-img fa-solid fa-arrow-right"
              />
            </span>
          </li>
        </ul>
      </div>
    </div>
  </body>,
  "container": <div>
    <div
      class="details-card"
      data-testid="Details-test"
    >
      <div
        class="hero-section"
      >
        <img
          alt="coin-icon"
          class="coin-img"
        />
      </div>
      <h2
        class="details-head"
      >
        COIN DETAILS
      </h2>
      <ul
        class="details-list"
      >
        <li
          class="list-items"
        >
          <span>
            Name:
          </span>
          <span
            class="list-items-child"
          >
            <span />
            <i
              class="arrow-img fa-solid fa-arrow-right"
            />
          </span>
        </li>
        <li
          class="list-items"
        >
          <span>
            Rank:
          </span>
          <span
            class="list-items-child"
          >
            <span />
            <i
              class="arrow-img fa-solid fa-arrow-right"
            />
          </span>
        </li>
        <li
          class="list-items"
        >
          <span>
            Price Change(1h):
          </span>
          <span
            class="list-items-child"
          >
            <span
              class="positive-text"
            />
            <i
              class="arrow-img fa-solid fa-arrow-right"
            />
          </span>
        </li>
        <li
          class="list-items"
        >
          <span>
            Price Change(1d):
          </span>
          <span
            class="list-items-child"
          >
            <span
              class="positive-text"
            />
            <i
              class="arrow-img fa-solid fa-arrow-right"
            />
          </span>
        </li>
        <li
          class="list-items"
        >
          <span>
            Price Change(1w):
          </span>
          <span
            class="list-items-child"
          >
            <span
              class="positive-text"
            />
            <i
              class="arrow-img fa-solid fa-arrow-right"
            />
          </span>
        </li>
      </ul>
    </div>
  </div>,
  "debug": [Function],
  "findAllByAltText": [Function],
  "findAllByDisplayValue": [Function],
  "findAllByLabelText": [Function],
  "findAllByPlaceholderText": [Function],
  "findAllByRole": [Function],
  "findAllByTestId": [Function],
  "findAllByText": [Function],
  "findAllByTitle": [Function],
  "findByAltText": [Function],
  "findByDisplayValue": [Function],
  "findByLabelText": [Function],
  "findByPlaceholderText": [Function],
  "findByRole": [Function],
  "findByTestId": [Function],
  "findByText": [Function],
  "findByTitle": [Function],
  "getAllByAltText": [Function],
  "getAllByDisplayValue": [Function],
  "getAllByLabelText": [Function],
  "getAllByPlaceholderText": [Function],
  "getAllByRole": [Function],
  "getAllByTestId": [Function],
  "getAllByText": [Function],
  "getAllByTitle": [Function],
  "getByAltText": [Function],
  "getByDisplayValue": [Function],
  "getByLabelText": [Function],
  "getByPlaceholderText": [Function],
  "getByRole": [Function],
  "getByTestId": [Function],
  "getByText": [Function],
  "getByTitle": [Function],
  "queryAllByAltText": [Function],
  "queryAllByDisplayValue": [Function],
  "queryAllByLabelText": [Function],
  "queryAllByPlaceholderText": [Function],
  "queryAllByRole": [Function],
  "queryAllByTestId": [Function],
  "queryAllByText": [Function],
  "queryAllByTitle": [Function],
  "queryByAltText": [Function],
  "queryByDisplayValue": [Function],
  "queryByLabelText": [Function],
  "queryByPlaceholderText": [Function],
  "queryByRole": [Function],
  "queryByTestId": [Function],
  "queryByText": [Function],
  "queryByTitle": [Function],
  "rerender": [Function],
  "unmount": [Function],
}
`;
